// Jest Snapshot v1, https://goo.gl/fbAQLP

exports[`Sourcemap test 1`] = `
"const text$1 = "ðŸ˜€wyjÅ›cieðŸ˜€";

// some text Ã¼
// with surrogate pairs è‘›
const text = "ðŸ˜€wyjÅ›cieðŸ˜€";
console.log("" + text + text$1);
//# sourceMappingURL=index.js.map
"
`;

exports[`Sourcemap test 2`] = `180`;

exports[`Sourcemap test 3`] = `
"{
  "version": 2,
  "tree": {
    "name": "root",
    "children": [
      {
        "name": "index.js",
        "children": [
          {
            "name": "test/sourcemap-encoding",
            "children": [
              {
                "uid": "f5391424-1",
                "name": "input2.js"
              },
              {
                "uid": "f5391424-3",
                "name": "input.js"
              }
            ]
          }
        ]
      }
    ],
    "isRoot": true
  },
  "nodeParts": {
    "f5391424-1": {
      "renderedLength": 37,
      "gzipLength": 0,
      "brotliLength": 0,
      "metaUid": "f5391424-0"
    },
    "f5391424-3": {
      "renderedLength": 112,
      "gzipLength": 0,
      "brotliLength": 0,
      "metaUid": "f5391424-2"
    }
  },
  "nodeMetas": {
    "f5391424-0": {
      "id": "/test/sourcemap-encoding/input2.js",
      "moduleParts": {
        "index.js": "f5391424-1"
      },
      "imported": [],
      "importedBy": [
        {
          "uid": "f5391424-2"
        }
      ]
    },
    "f5391424-2": {
      "id": "/test/sourcemap-encoding/input.js",
      "moduleParts": {
        "index.js": "f5391424-3"
      },
      "imported": [
        {
          "uid": "f5391424-0"
        }
      ],
      "importedBy": [],
      "isEntry": true
    }
  },
  "env": {
    "rollup": "4.8.0"
  },
  "options": {
    "gzip": false,
    "brotli": false,
    "sourcemap": true
  }
}"
`;
