// Vitest Snapshot v1, https://vitest.dev/guide/snapshot.html

exports[`Sourcemap Comments > test 1`] = `
"alert("hello");
//# sourceMappingURL=index.js.map
"
`;

exports[`Sourcemap Comments > test 2`] = `50`;

exports[`Sourcemap Comments > test 3`] = `
"{
  "version": 2,
  "tree": {
    "name": "root",
    "children": [
      {
        "name": "index.js",
        "children": [
          {
            "name": "test/sourcemap-comments/input.js",
            "uid": "38ca2e3e-1"
          }
        ]
      }
    ],
    "isRoot": true
  },
  "nodeParts": {
    "38ca2e3e-1": {
      "renderedLength": 16,
      "gzipLength": 0,
      "brotliLength": 0,
      "metaUid": "38ca2e3e-0"
    }
  },
  "nodeMetas": {
    "38ca2e3e-0": {
      "id": "/test/sourcemap-comments/input.js",
      "moduleParts": {
        "index.js": "38ca2e3e-1"
      },
      "imported": [],
      "importedBy": [],
      "isEntry": true
    }
  },
  "env": {
    "rollup": "4.29.1"
  },
  "options": {
    "gzip": false,
    "brotli": false,
    "sourcemap": true
  }
}"
`;
